
> frontend@0.1.0 build
> next build

  Ôû▓ Next.js 14.2.31

   Creating an optimized production build ...
 Ô£ô (pwa) Compiling for server...
 Ô£ô (pwa) Compiling for server...
 Ô£ô (pwa) Compiling for client (static)...
 Ôùï (pwa) Service worker: E:\MegiLance\frontend\public\sw.js
 Ôùï (pwa)   URL: /sw.js
 Ôùï (pwa)   Scope: /
node.exe : Failed to compile.
At C:\Program Files\nodejs\npm.ps1:29 char:3
+   & $NODE_EXE $NPM_CLI_JS $args
+   ~~~~~~~~~~~~~~~~~~~~~~~~~~~~~
    + CategoryInfo          : NotSpecified:  
   (Failed to compile.:String) [], RemoteEx  
  ception
    + FullyQualifiedErrorId : NativeCommandE 
   rror
 

./app/Messages/components/ChatWindow/ChatWind
ow.common.module.css
Module not found: Can't resolve 
'../../../Messages.common.module.css'

https://nextjs.org/docs/messages/module-not-f
ound

Import trace for requested module:
./app/Messages/components/ChatWindow/ChatWind
ow.common.module.css
./app/Messages/components/ChatWindow/ChatWind
ow.tsx
./app/Messages/Messages.tsx
./app/(portal)/messages/page.tsx

./app/Messages/components/ConversationList/Co
nversationList.common.module.css
Module not found: Can't resolve 
'../../../Messages.common.module.css'

https://nextjs.org/docs/messages/module-not-f
ound

Import trace for requested module:
./app/Messages/components/ConversationList/Co
nversationList.common.module.css
./app/Messages/components/ConversationList/Co
nversationList.tsx
./app/Messages/Messages.tsx
./app/(portal)/messages/page.tsx

./app/Messages/components/ChatWindow/ChatWind
ow.common.module.css
Error: Can't resolve 
'../../../Messages.common.module.css'
    at finishWithoutResolve (E:\MegiLance\fro
ntend\node_modules\next\dist\compiled\webpack
\bundle5.js:1:192542)
    at E:\MegiLance\frontend\node_modules\nex
t\dist\compiled\webpack\bundle5.js:1:193439
    at E:\MegiLance\frontend\node_modules\nex
t\dist\compiled\webpack\bundle5.js:1:194068
    at eval (eval at create (E:\MegiLance\fro
ntend\node_modules\next\dist\compiled\webpack
\bundle5.js:13:28858), <anonymous>:16:1)
    at E:\MegiLance\frontend\node_modules\nex
t\dist\compiled\webpack\bundle5.js:1:194068
    at eval (eval at create (E:\MegiLance\fro
ntend\node_modules\next\dist\compiled\webpack
\bundle5.js:13:28858), <anonymous>:27:1)
    at E:\MegiLance\frontend\node_modules\nex
t\dist\compiled\webpack\bundle5.js:1:176872
    at E:\MegiLance\frontend\node_modules\nex
t\dist\compiled\webpack\bundle5.js:1:194068
    at eval (eval at create (E:\MegiLance\fro
ntend\node_modules\next\dist\compiled\webpack
\bundle5.js:13:28858), <anonymous>:16:1)
    at E:\MegiLance\frontend\node_modules\nex
t\dist\compiled\webpack\bundle5.js:1:209682

https://nextjs.org/docs/messages/module-not-f
ound

Import trace for requested module:
./app/Messages/components/ChatWindow/ChatWind
ow.tsx
./app/Messages/Messages.tsx
./app/(portal)/messages/page.tsx

./app/Messages/components/ConversationList/Co
nversationList.common.module.css
Error: Can't resolve 
'../../../Messages.common.module.css'
    at finishWithoutResolve (E:\MegiLance\fro
ntend\node_modules\next\dist\compiled\webpack
\bundle5.js:1:192542)
    at E:\MegiLance\frontend\node_modules\nex
t\dist\compiled\webpack\bundle5.js:1:193439
    at E:\MegiLance\frontend\node_modules\nex
t\dist\compiled\webpack\bundle5.js:1:194068
    at eval (eval at create (E:\MegiLance\fro
ntend\node_modules\next\dist\compiled\webpack
\bundle5.js:13:28858), <anonymous>:16:1)
    at E:\MegiLance\frontend\node_modules\nex
t\dist\compiled\webpack\bundle5.js:1:194068
    at eval (eval at create (E:\MegiLance\fro
ntend\node_modules\next\dist\compiled\webpack
\bundle5.js:13:28858), <anonymous>:27:1)
    at E:\MegiLance\frontend\node_modules\nex
t\dist\compiled\webpack\bundle5.js:1:176872
    at E:\MegiLance\frontend\node_modules\nex
t\dist\compiled\webpack\bundle5.js:1:194068
    at eval (eval at create (E:\MegiLance\fro
ntend\node_modules\next\dist\compiled\webpack
\bundle5.js:13:28858), <anonymous>:16:1)
    at E:\MegiLance\frontend\node_modules\nex
t\dist\compiled\webpack\bundle5.js:1:209682

https://nextjs.org/docs/messages/module-not-f
ound

Import trace for requested module:
./app/Messages/components/ConversationList/Co
nversationList.tsx
./app/Messages/Messages.tsx
./app/(portal)/messages/page.tsx


> Build failed because of webpack errors
